L'heure passée en paramètre (-1) n'est pas valide.
Elle doit supérieure ou égale à 0 et inférieure ou égale à 24.
