Erreur durant la lecture du fichier fic.txt.
Le fichier fic.txt est vide ou n'existe pas. Il ne peut pas être traité.