/page10.html (3 hits)
/page9.html (2 hits)
/page8.html (1 hits)
/page7.html (1 hits)
/page6.html (1 hits)
/page5.html (1 hits)
/page4.html (1 hits)
/page3.html (1 hits)
/page2.html (1 hits)
/page1.html (1 hits)
