Vous devez spécifié une heure avec l'option -t. Le dernier paramètre doit correspondre au nom du fichier.