Attention : les images, fichiers css et javascript n'ont pas été pris en compte.
/page13.html (6 hits)
/page12.html (5 hits)
/page11.html (4 hits)
/page4.html (1 hits)
/page6.html (1 hits)
/page5.html (1 hits)
/page3.html (1 hits)
/page2.html (1 hits)
/page1.html (1 hits)