Erreur lors de l'ouverture du fichier Fic.log.
Le fichier Fic.log est vide ou n'existe pas. Il ne peut pas être traité.