Erreur lors de l'ouverture du fichier Fic.txt.
Le fichier Fic.txt est vide ou n'existe pas. Il ne peut pas être traité.
