Attention : seuls les pages visitées entre 1 et 2 ont été prises en compte.

