Le fichier fic.log est vide ou il y a eu une erreur durant l'ouverture.
Il ne peut pas Ãªtre traitÃ©.