Attention : les images, fichiers css et javascript n'ont pas été pris en compte.
/page13.html (6 hits)
/page12.html (5 hits)
/page11.html (4 hits)
/page10.html (3 hits)
/page7.html (1 hits)
/page8.html (1 hits)
/page6.html (1 hits)
/page5.html (1 hits)
/page4.html (1 hits)
/page3.html (1 hits)