Attention : seuls les pages visitées entre 11 et 12 ont été prises en compte.
/page2.html (3 hits)
/page1.html (1 hits)
/page3.html (1 hits)
/image.jpg (1 hits)
/SiteWebIF/Intranet-etudiant.php (1 hits)

