Attention : les images, fichiers css et javascript n'ont pas été pris en compte.