/temps/4IF16.html (3 hits)
/SiteWebIF/Intranet-etudiant.php (2 hits)
/temps/4IF20.html (1 hits)
/temps/3IF38.html (1 hits)
