L'heure passée en paramètre (invalid) n'est pas valide. Ce paramètre doit être un entier positif.
