Le fichier de log doit possèder une extension .txt ou .log. Le fichier fic.js ne possède pas cette extension.