Erreur durant la lecture du fichier fic.log.
Le fichier fic.log est vide ou n'existe pas. Il ne peut pas être traité.