/page2.html (4 hits)
/page1.html (1 hits)
/page3.html (1 hits)
/image.jpg (1 hits)
/SiteWebIF/Intranet-etudiant.php (1 hits)
