Le fichier de log doit possèder une extension .txt ou .log. Le fichier doèhfèérgzqhfez150a5e53a ne possède pas cette extension.