Le fichier de log doit possèder une extension .txt ou .log. Le fichier -e ne possède pas cette extension.