/SiteWebIF/Intranet-etudiant.php (4 hits)
/temps/4IF16.html (3 hits)
/temps/3IF38.html (2 hits)
/temps/4IF20.html (1 hits)
/temps/ (1 hits)
