Le fichier de log doit possèder une extension .txt ou .log. Le fichier Fic ne possède pas cette extension.